LTspice 26.0.2 for Windows
Circuit: C:\users\kuhu\My Documents\kuhu-miniproject1.net
Start Time: Wed Sep 16 20:37:00 2026

.step run=1
solver = Normal
Maximum thread count: 22
tnom = 27
temp = 27
method = trap
Per .tran options, skipping operating point for transient analysis.
Changing Tseed to 1e-08
Changing Tseed to 1e-10

.step run=2

.step run=3

.step run=4

.step run=5

.step run=6

.step run=7

.step run=8

.step run=9

.step run=10

.step run=11

.step run=12

.step run=13

.step run=14

.step run=15

.step run=16

.step run=17

.step run=18

.step run=19

.step run=20

.step run=21

.step run=22

.step run=23

.step run=24

.step run=25

.step run=26

.step run=27

.step run=28

.step run=29

.step run=30

.step run=31

.step run=32

.step run=33

.step run=34

.step run=35

.step run=36

.step run=37

.step run=38

.step run=39

.step run=40

.step run=41

.step run=42

.step run=43

.step run=44

.step run=45

.step run=46

.step run=47

.step run=48

.step run=49

.step run=50

.step run=51

.step run=52

.step run=53

.step run=54

.step run=55

.step run=56

.step run=57

.step run=58

.step run=59

.step run=60

.step run=61

.step run=62

.step run=63

.step run=64

.step run=65

.step run=66

.step run=67

.step run=68

.step run=69

.step run=70

.step run=71

.step run=72

.step run=73

.step run=74

.step run=75

.step run=76

.step run=77

.step run=78

.step run=79

.step run=80

.step run=81

.step run=82

.step run=83

.step run=84

.step run=85

.step run=86

.step run=87

.step run=88

.step run=89

.step run=90

.step run=91

.step run=92

.step run=93

.step run=94

.step run=95

.step run=96

.step run=97

.step run=98

.step run=99

.step run=100

.step run=101

.step run=102

.step run=103

.step run=104

.step run=105

.step run=106

.step run=107

.step run=108

.step run=109

.step run=110

.step run=111

.step run=112

.step run=113

.step run=114

.step run=115

.step run=116

.step run=117

.step run=118

.step run=119

.step run=120

.step run=121

.step run=122

.step run=123

.step run=124

.step run=125

.step run=126

.step run=127

.step run=128

.step run=129

.step run=130

.step run=131

.step run=132

.step run=133

.step run=134

.step run=135

.step run=136

.step run=137

.step run=138

.step run=139

.step run=140

.step run=141

.step run=142

.step run=143

.step run=144

.step run=145

.step run=146

.step run=147

.step run=148

.step run=149

.step run=150

.step run=151

.step run=152

.step run=153

.step run=154

.step run=155

.step run=156

.step run=157

.step run=158

.step run=159

.step run=160

.step run=161

.step run=162

.step run=163

.step run=164

.step run=165

.step run=166

.step run=167

.step run=168

.step run=169

.step run=170

.step run=171

.step run=172

.step run=173

.step run=174

.step run=175

.step run=176

.step run=177

.step run=178

.step run=179

.step run=180

.step run=181

.step run=182

.step run=183

.step run=184

.step run=185

.step run=186

.step run=187

.step run=188

.step run=189

.step run=190

.step run=191

.step run=192

.step run=193

.step run=194

.step run=195

.step run=196

.step run=197

.step run=198

.step run=199

.step run=200

.step run=201

.step run=202

.step run=203

.step run=204

.step run=205

.step run=206

.step run=207

.step run=208

.step run=209

.step run=210

.step run=211

.step run=212

.step run=213

.step run=214

.step run=215

.step run=216

.step run=217

.step run=218

.step run=219

.step run=220

.step run=221

.step run=222

.step run=223

.step run=224

.step run=225

.step run=226

.step run=227

.step run=228

.step run=229

.step run=230

.step run=231

.step run=232

.step run=233

.step run=234

.step run=235

.step run=236

.step run=237

.step run=238

.step run=239

.step run=240

.step run=241

.step run=242

.step run=243

.step run=244

.step run=245

.step run=246

.step run=247

.step run=248

.step run=249

.step run=250
Total elapsed time: 9.006 seconds.

Files loaded:
C:\users\kuhu\My Documents\kuhu-miniproject1.net
C:\users\kuhu\My Documents\LTspice\engr2420.sub
C:\users\kuhu\Local Settings\Application Data\LTspice\lib\sub\UniversalOpAmp2.lib

